../Core/Src/main.c:77:10:CRT10_square	16	static
../Core/Src/main.c:81:10:CRT10_cubic	16	static
../Core/Src/main.c:85:6:set_brightness	16	static
../Core/Src/main.c:93:6:button_on	8	static
../Core/Src/main.c:98:6:button_off	8	static
../Core/Src/main.c:103:6:time_out	16	static
../Core/Src/main.c:115:6:start_lp_timer_10s	8	static
../Core/Src/main.c:120:6:sleep_mode	8	static
../Core/Src/main.c:125:6:stop_mode	8	static
../Core/Src/main.c:129:6:reset_led_satus	8	static
../Core/Src/main.c:135:6:check_button	8	static
../Core/Src/main.c:203:13:indicate_low_batt_status	8	static
../Core/Src/main.c:240:6:state_of_device	16	static
../Core/Src/main.c:325:6:start_pvd	16	static
../Core/Src/main.c:360:5:main	8	static
../Core/Src/main.c:418:6:SystemClock_Config	112	static
../Core/Src/main.c:469:13:MX_LPTIM1_Init	8	static
../Core/Src/main.c:501:13:MX_TIM2_Init	48	static
../Core/Src/main.c:560:13:MX_GPIO_Init	32	static
../Core/Src/main.c:590:6:HAL_GPIO_EXTI_Callback	16	static
../Core/Src/main.c:600:6:HAL_PWR_PVDCallback	8	static
../Core/Src/main.c:625:6:Error_Handler	8	static,ignoring_inline_asm
